\BOOKMARK [1][-]{section.1}{\376\377\000S\000u\000p\000e\000r\000v\000i\000s\000e\000d\000\040\000l\000e\000a\000r\000n\000i\000n\000g}{}% 1
\BOOKMARK [2][-]{subsection.1.1}{\376\377\000W\000h\000a\000t\000\040\000i\000s\000\040\000m\000a\000c\000h\000i\000n\000e\000\040\000l\000e\000a\000r\000n\000i\000n\000g\000?}{section.1}% 2
\BOOKMARK [2][-]{subsection.1.2}{\376\377\000T\000y\000p\000e\000s\000\040\000o\000f\000\040\000m\000a\000c\000h\000i\000n\000e\000\040\000l\000e\000a\000r\000n\000i\000n\000g}{section.1}% 3
\BOOKMARK [3][-]{subsubsection.1.2.1}{\376\377\000U\000n\000s\000u\000p\000e\000r\000v\000i\000s\000e\000d\000\040\000l\000e\000a\000r\000n\000i\000n\000g}{subsection.1.2}% 4
\BOOKMARK [2][-]{subsection.1.3}{\376\377\000S\000i\000m\000p\000l\000e\000\040\000l\000i\000n\000e\000a\000r\000\040\000r\000e\000g\000r\000e\000s\000s\000i\000o\000n}{section.1}% 5
\BOOKMARK [3][-]{subsubsection.1.3.1}{\376\377\000L\000o\000s\000s\000\040\000f\000u\000n\000c\000t\000i\000o\000n}{subsection.1.3}% 6
\BOOKMARK [2][-]{subsection.1.4}{\376\377\000L\000o\000g\000i\000s\000t\000i\000c\000\040\000r\000e\000g\000r\000e\000s\000s\000i\000o\000n}{section.1}% 7
\BOOKMARK [3][-]{subsubsection.1.4.1}{\376\377\000P\000r\000o\000b\000a\000b\000i\000l\000i\000t\000y\000\040\000b\000a\000s\000i\000c\000s}{subsection.1.4}% 8
\BOOKMARK [3][-]{subsubsection.1.4.2}{\376\377\000D\000i\000s\000c\000r\000i\000m\000i\000n\000a\000t\000i\000v\000e\000\040\000c\000l\000a\000s\000s\000i\000f\000i\000e\000r}{subsection.1.4}% 9
\BOOKMARK [3][-]{subsubsection.1.4.3}{\376\377\000L\000o\000g\000i\000s\000t\000i\000c\000\040\000r\000e\000g\000r\000e\000s\000s\000i\000o\000n}{subsection.1.4}% 10
\BOOKMARK [3][-]{subsubsection.1.4.4}{\376\377\000E\000x\000a\000m\000p\000l\000e}{subsection.1.4}% 11
\BOOKMARK [2][-]{subsection.1.5}{\376\377\000C\000r\000o\000s\000s\000-\000e\000n\000t\000r\000o\000p\000y\000\040\000l\000o\000s\000s}{section.1}% 12
\BOOKMARK [3][-]{subsubsection.1.5.1}{\376\377\000L\000o\000g\000\040\000p\000r\000o\000b\000a\000b\000i\000l\000i\000t\000i\000e\000s}{subsection.1.5}% 13
\BOOKMARK [3][-]{subsubsection.1.5.2}{\376\377\000L\000o\000s\000s\000\040\000f\000u\000n\000c\000t\000i\000o\000n}{subsection.1.5}% 14
\BOOKMARK [3][-]{subsubsection.1.5.3}{\376\377\000E\000x\000a\000m\000p\000l\000e}{subsection.1.5}% 15
\BOOKMARK [3][-]{subsubsection.1.5.4}{\376\377\000O\000b\000j\000e\000c\000t\000i\000v\000e\000\040\000f\000u\000n\000c\000t\000i\000o\000n}{subsection.1.5}% 16
\BOOKMARK [3][-]{subsubsection.1.5.5}{\376\377\000O\000p\000t\000i\000m\000i\000z\000a\000t\000i\000o\000n}{subsection.1.5}% 17
\BOOKMARK [2][-]{subsection.1.6}{\376\377\000G\000r\000a\000d\000i\000e\000n\000t\000\040\000d\000e\000s\000c\000e\000n\000t}{section.1}% 18
\BOOKMARK [3][-]{subsubsection.1.6.1}{\376\377\000L\000o\000s\000s\000\040\000f\000u\000n\000c\000t\000i\000o\000n}{subsection.1.6}% 19
\BOOKMARK [3][-]{subsubsection.1.6.2}{\376\377\000O\000p\000t\000i\000m\000i\000z\000a\000t\000i\000o\000n}{subsection.1.6}% 20
\BOOKMARK [3][-]{subsubsection.1.6.3}{\376\377\000L\000e\000a\000r\000n\000i\000n\000g\000\040\000r\000a\000t\000e}{subsection.1.6}% 21
\BOOKMARK [3][-]{subsubsection.1.6.4}{\376\377\000O\000p\000t\000i\000m\000i\000z\000a\000t\000i\000o\000n\000\040\000\050\000c\000o\000n\000t\000i\000n\000u\000e\000d\000\051}{subsection.1.6}% 22
\BOOKMARK [3][-]{subsubsection.1.6.5}{\376\377\000G\000r\000a\000d\000i\000e\000n\000t\000\040\000d\000e\000s\000c\000e\000n\000t\000\040\000f\000o\000r\000m\000u\000l\000a}{subsection.1.6}% 23
\BOOKMARK [2][-]{subsection.1.7}{\376\377\000S\000t\000o\000c\000h\000a\000s\000t\000i\000c\000\040\000g\000r\000a\000d\000i\000e\000n\000t\000\040\000d\000e\000s\000c\000e\000n\000t}{section.1}% 24
\BOOKMARK [3][-]{subsubsection.1.7.1}{\376\377\000B\000a\000t\000c\000h\000i\000n\000g}{subsection.1.7}% 25
\BOOKMARK [3][-]{subsubsection.1.7.2}{\376\377\000E\000x\000a\000m\000p\000l\000e}{subsection.1.7}% 26
\BOOKMARK [3][-]{subsubsection.1.7.3}{\376\377\000V\000e\000c\000t\000o\000r\000i\000z\000a\000t\000i\000o\000n}{subsection.1.7}% 27
\BOOKMARK [2][-]{subsection.1.8}{\376\377\000M\000u\000l\000t\000i\000n\000o\000m\000i\000a\000l\000\040\000l\000o\000g\000i\000s\000t\000i\000c\000\040\000r\000e\000g\000r\000e\000s\000s\000i\000o\000n}{section.1}% 28
\BOOKMARK [3][-]{subsubsection.1.8.1}{\376\377\000O\000n\000e\000-\000v\000s\000-\000r\000e\000s\000t\000\040\000c\000l\000a\000s\000s\000i\000f\000i\000c\000a\000t\000i\000o\000n}{subsection.1.8}% 29
\BOOKMARK [3][-]{subsubsection.1.8.2}{\376\377\000M\000u\000l\000t\000i\000n\000o\000m\000i\000a\000l\000\040\000l\000o\000g\000i\000s\000t\000i\000c\000\040\000r\000e\000g\000r\000e\000s\000s\000i\000o\000n}{subsection.1.8}% 30
\BOOKMARK [3][-]{subsubsection.1.8.3}{\376\377\000I\000m\000b\000a\000l\000a\000n\000c\000e\000d\000\040\000c\000l\000a\000s\000s\000e\000s}{subsection.1.8}% 31
\BOOKMARK [3][-]{subsubsection.1.8.4}{\376\377\000H\000a\000n\000d\000l\000i\000n\000g\000\040\000i\000m\000b\000a\000l\000a\000n\000c\000e\000d\000\040\000d\000a\000t\000a\000s\000e\000t\000s}{subsection.1.8}% 32
\BOOKMARK [2][-]{subsection.1.9}{\376\377\000T\000e\000x\000t\000\040\000c\000l\000a\000s\000s\000i\000f\000i\000c\000a\000t\000i\000o\000n}{section.1}% 33
\BOOKMARK [3][-]{subsubsection.1.9.1}{\376\377\000B\000a\000g\000-\000o\000f\000-\000w\000o\000r\000d\000s}{subsection.1.9}% 34
\BOOKMARK [3][-]{subsubsection.1.9.2}{\376\377\000B\000i\000n\000a\000r\000y\000\040\000p\000r\000e\000s\000e\000n\000c\000e}{subsection.1.9}% 35
\BOOKMARK [3][-]{subsubsection.1.9.3}{\376\377\000T\000F\000-\000I\000D\000F}{subsection.1.9}% 36
\BOOKMARK [3][-]{subsubsection.1.9.4}{\376\377\000E\000x\000a\000m\000p\000l\000e\000\040\0001}{subsection.1.9}% 37
\BOOKMARK [3][-]{subsubsection.1.9.5}{\376\377\000E\000x\000a\000m\000p\000l\000e\000\040\0002}{subsection.1.9}% 38
\BOOKMARK [2][-]{subsection.1.10}{\376\377\000R\000e\000g\000u\000l\000a\000r\000i\000z\000a\000t\000i\000o\000n}{section.1}% 39
\BOOKMARK [3][-]{subsubsection.1.10.1}{\376\377\000I\000n\000t\000e\000r\000p\000r\000e\000t\000i\000n\000g\000\040\000l\000o\000g\000i\000s\000t\000i\000c\000\040\000r\000e\000g\000r\000e\000s\000s\000i\000o\000n}{subsection.1.10}% 40
\BOOKMARK [3][-]{subsubsection.1.10.2}{\376\377\000O\000v\000e\000r\000f\000i\000t\000t\000i\000n\000g}{subsection.1.10}% 41
\BOOKMARK [3][-]{subsubsection.1.10.3}{\376\377\000E\000a\000r\000l\000y\000\040\000s\000t\000o\000p\000p\000i\000n\000g}{subsection.1.10}% 42
\BOOKMARK [3][-]{subsubsection.1.10.4}{\376\377\000R\000e\000g\000u\000l\000a\000r\000i\000z\000a\000t\000i\000o\000n}{subsection.1.10}% 43
\BOOKMARK [3][-]{subsubsection.1.10.5}{\376\377\000L\0002\000\040\000R\000e\000g\000u\000l\000a\000r\000i\000z\000a\000t\000i\000o\000n}{subsection.1.10}% 44
\BOOKMARK [3][-]{subsubsection.1.10.6}{\376\377\000L\0001\000\040\000R\000e\000g\000u\000l\000a\000r\000i\000z\000a\000t\000i\000o\000n}{subsection.1.10}% 45
\BOOKMARK [3][-]{subsubsection.1.10.7}{\376\377\000R\000e\000g\000u\000l\000a\000r\000i\000z\000a\000t\000i\000o\000n\000\040\000\050\000c\000o\000n\000t\000i\000n\000u\000e\000d\000\051}{subsection.1.10}% 46
\BOOKMARK [2][-]{subsection.1.11}{\376\377\000N\000a\000i\000v\000e\000\040\000B\000a\000y\000e\000s}{section.1}% 47
\BOOKMARK [3][-]{subsubsection.1.11.1}{\376\377\000G\000e\000n\000e\000r\000a\000t\000i\000v\000e\000\040\000v\000s\000.\000\040\000d\000i\000s\000c\000r\000i\000m\000i\000n\000a\000t\000i\000v\000e\000\040\000c\000l\000a\000s\000s\000i\000f\000i\000e\000r\000s}{subsection.1.11}% 48
\BOOKMARK [3][-]{subsubsection.1.11.2}{\376\377\000I\000n\000d\000e\000p\000e\000n\000d\000e\000n\000c\000e}{subsection.1.11}% 49
\BOOKMARK [3][-]{subsubsection.1.11.3}{\376\377\000B\000a\000y\000e\000s\000'\000\040\000r\000u\000l\000e}{subsection.1.11}% 50
\BOOKMARK [3][-]{subsubsection.1.11.4}{\376\377\000N\000a\000i\000v\000e\000\040\000B\000a\000y\000e\000s\000\040\000c\000l\000a\000s\000s\000i\000f\000i\000e\000r}{subsection.1.11}% 51
\BOOKMARK [3][-]{subsubsection.1.11.5}{\376\377\000N\000a\000i\000v\000e\000\040\000B\000a\000y\000e\000s\000\040\000c\000l\000a\000s\000s\000i\000f\000i\000e\000r\000:\000\040\000l\000e\000a\000r\000n\000i\000n\000g}{subsection.1.11}% 52
\BOOKMARK [3][-]{subsubsection.1.11.6}{\376\377\000E\000x\000a\000m\000p\000l\000e}{subsection.1.11}% 53
\BOOKMARK [3][-]{subsubsection.1.11.7}{\376\377\000B\000i\000n\000a\000r\000y\000\040\000N\000a\000i\000v\000e\000\040\000B\000a\000y\000e\000s}{subsection.1.11}% 54
